2026-07-19T03:46:27.665841  New Odyssey date!: The Odyssey IMAX 70MM added for 2026-07-18: 10:45pm, 2:30am
2026-07-20T21:49:51.487491  New date on sale: 2026-08-13: The Odyssey IMAX 70MM added for 2026-08-13: 10:45pm, 11:30am, 2:30am, 3:15pm, 7:00pm, 7:45am
2026-07-20T22:15:47.595900  Seats open 2026-08-13 11:30am: The Odyssey IMAX 70MM: E17-E26, E15, E1-E9, F18-F26, F8, F3-F5, G20-G26, G1-G7, H21-H26, H1-H6, J22-J26, J1-J6, K17-K26, K1-K10
2026-07-20T22:15:58.910320  Seats open 2026-08-13 3:15pm: The Odyssey IMAX 70MM: E21-E26, E1-E6, F21-F26, F1-F6, G24-G26, G21, G1-G6, H21-H26, H3-H4, J23-J25, J1-J6, K22-K26, K1-K9
2026-07-20T22:16:10.491385  Seats open 2026-08-13 7:00pm: The Odyssey IMAX 70MM: E26, E1, F1, G26, G1, J26
2026-07-20T22:16:22.769678  Seats open 2026-08-13 10:45pm: The Odyssey IMAX 70MM: E18-E26, E1-E8, F22-F26, F1-F6, G21-G26, G1-G6, H24-H26, H1-H5, J24-J26, J1-J5, K21-K26, K3-K5
2026-07-20T23:18:18.056868  Seats open 2026-07-26 10:45pm: The Odyssey IMAX 70MM: E25-E26
2026-07-21T12:01:28.217860  New date on sale: 2026-08-18: The Odyssey IMAX 70MM added for 2026-08-18: 10:45pm, 11:30am, 3:15pm, 7:00pm, 7:45am
2026-07-21T12:01:39.413406  New date on sale: 2026-08-19: The Odyssey IMAX 70MM added for 2026-08-19: 10:45pm, 11:30am, 3:15pm, 7:00pm, 7:45am
2026-07-21T12:27:39.192049  Seats open 2026-08-18 11:30am: The Odyssey IMAX 70MM: E1-E26, F1-F26, G1-G26, H1-H26, J1-J26, K1-K26
2026-07-21T12:28:00.806052  Seats open 2026-08-18 7:00pm: The Odyssey IMAX 70MM: E16-E26, E1-E11, F15-F26, F1-F12, G17-G26, G1-G10, H16-H26, H1-H11, J15-J26, J1-J12, K15-K26, K1-K12
2026-07-21T12:28:13.946708  Seats open 2026-08-18 10:45pm: The Odyssey IMAX 70MM: E1-E26, F1-F26, G1-G26, H14-H26, H1-H11, J1-J26, K1-K26
2026-07-21T12:28:24.743119  Seats open 2026-08-19 11:30am: The Odyssey IMAX 70MM: E1-E26, F1-F26, G1-G26, H1-H26, J1-J26, K1-K26
2026-07-21T14:38:16.265890  Seats open 2026-08-13 11:30am: The Odyssey IMAX 70MM: H1-H2
2026-07-21T14:38:36.862227  Seats open 2026-08-13 7:00pm: The Odyssey IMAX 70MM: E26, E1
2026-07-21T14:39:10.530964  Seats open 2026-08-18 3:15pm: The Odyssey IMAX 70MM: E18-E26, E1-E8, F22-F26, F1-F10, G19-G26, G1-G9, H20-H26, H1-H8, J19-J26, J1-J8, K20-K26, K1-K6
2026-07-21T16:21:24.055515  Seats open 2026-08-10 10:45pm: The Odyssey IMAX 70MM: E1
2026-07-21T16:23:07.071206  Seats open 2026-08-13 3:15pm: The Odyssey IMAX 70MM: F26
2026-07-21T17:45:08.294240  New date on sale: 2026-08-14: The Odyssey IMAX 70MM added for 2026-08-14: 10:45pm, 11:30am, 3:15pm, 7:00pm, 7:45am
2026-07-21T17:45:22.965865  New date on sale: 2026-08-15: The Odyssey IMAX 70MM added for 2026-08-15: 10:45pm, 11:30am, 3:15pm, 7:00pm, 7:45am
2026-07-21T17:45:32.761725  New date on sale: 2026-08-16: The Odyssey IMAX 70MM added for 2026-08-16: 10:45pm, 11:30am, 3:15pm, 7:00pm, 7:45am
2026-07-21T17:45:43.633082  New date on sale: 2026-08-17: The Odyssey IMAX 70MM added for 2026-08-17: 10:45pm, 11:30am, 3:15pm, 7:00pm, 7:45am
2026-07-21T18:13:22.537774  Seats open 2026-08-17 11:30am: The Odyssey IMAX 70MM: E24-E26, H1
2026-07-21T18:13:33.161939  Seats open 2026-08-17 3:15pm: The Odyssey IMAX 70MM: E26, F1, G1, H1
2026-07-21T18:13:55.282620  Seats open 2026-08-17 10:45pm: The Odyssey IMAX 70MM: E26, E1
2026-07-21T19:51:12.748144  Seats open 2026-07-21 3:15pm: The Odyssey IMAX 70MM: H24-H25
2026-07-21T21:32:56.682144  Seats open 2026-07-21 3:15pm: The Odyssey IMAX 70MM: F24, G4
2026-07-22T01:09:55.727654  Seats open 2026-07-21 10:45pm: The Odyssey IMAX 70MM: F2
2026-07-22T10:07:49.872356  Seats open 2026-07-23 11:30am: The Odyssey IMAX 70MM: G13
2026-07-22T14:23:16.758535  Seats open 2026-07-23 3:15pm: The Odyssey IMAX 70MM: F15
2026-07-22T16:07:47.271776  Seats open 2026-07-22 11:30am: The Odyssey IMAX 70MM: F15
2026-07-22T16:11:12.127109  Seats open 2026-07-27 3:15pm: The Odyssey IMAX 70MM: K8-K10
2026-07-22T20:21:49.524355  Seats open 2026-07-22 3:15pm: The Odyssey IMAX 70MM: F10, H14
2026-07-22T21:54:01.856709  Seats open 2026-07-22 10:45pm: The Odyssey IMAX 70MM: J13-J15
2026-07-22T23:16:01.773767  Seats open 2026-07-23 11:30am: The Odyssey IMAX 70MM: E3
2026-07-23T16:14:16.206127  Seats open 2026-07-23 11:30am: The Odyssey IMAX 70MM: J25
2026-07-23T16:30:33.512080  Seats open 2026-08-14 11:30am: The Odyssey IMAX 70MM: F8-F9
2026-07-23T21:25:44.841135  Seats open 2026-07-29 11:30am: The Odyssey IMAX 70MM: E1
2026-07-23T23:43:44.487504  Seats open 2026-07-29 3:15pm: The Odyssey IMAX 70MM: K25-K26
2026-07-24T18:02:05.295572  Seats open 2026-07-25 3:15pm: The Odyssey IMAX 70MM: G23
2026-07-24T19:46:42.794841  Seats open 2026-07-24 3:15pm: The Odyssey IMAX 70MM: H2-H3
2026-07-24T21:25:42.363412  Seats open 2026-07-30 10:45pm: The Odyssey IMAX 70MM: J15
2026-07-25T16:44:49.365535  Seats open 2026-07-25 7:00pm: The Odyssey IMAX 70MM: J8
2026-07-25T17:42:34.330157  Seats open 2026-07-25 11:30am: The Odyssey IMAX 70MM: E17
2026-07-25T22:10:30.490772  Seats open 2026-07-25 11:30am: The Odyssey IMAX 70MM: E17
2026-07-26T12:54:14.196108  Seats open 2026-07-26 7:00pm: The Odyssey IMAX 70MM: G12-G15
2026-07-26T17:53:22.998847  Seats open 2026-07-26 7:00pm: The Odyssey IMAX 70MM: K11
2026-07-26T21:49:05.457029  Seats open 2026-07-26 11:30am: The Odyssey IMAX 70MM: G22, H1
2026-07-26T21:49:28.086729  Seats open 2026-07-26 7:00pm: The Odyssey IMAX 70MM: J1
2026-07-26T21:56:03.351696  Seats open 2026-08-04 3:15pm: The Odyssey IMAX 70MM: G9
2026-07-26T23:44:12.508580  Seats open 2026-07-26 7:00pm: The Odyssey IMAX 70MM: K12
2026-07-27T08:05:06.340510  Seats open 2026-08-15 3:15pm: The Odyssey IMAX 70MM: F26
2026-07-27T11:43:54.346804  Seats open 2026-08-02 10:45pm: The Odyssey IMAX 70MM: F10-F11
2026-07-27T20:19:51.301360  Seats open 2026-07-28 3:15pm: The Odyssey IMAX 70MM: G1
2026-07-27T21:44:55.724507  Seats open 2026-08-16 7:00pm: The Odyssey IMAX 70MM: J21-J23
2026-07-27T22:42:17.351963  Seats open 2026-07-27 11:30am: The Odyssey IMAX 70MM: G13
2026-07-27T22:46:46.724962  Seats open 2026-08-02 11:30am: The Odyssey IMAX 70MM: F26
2026-07-28T03:34:53.831086  Seats open 2026-07-27 3:15pm: The Odyssey IMAX 70MM: K8
2026-07-28T11:45:00.392730  Seats open 2026-07-28 11:30am: The Odyssey IMAX 70MM: E15
2026-07-28T14:36:53.934625  Seats open 2026-07-28 11:30am: The Odyssey IMAX 70MM: F1
2026-07-28T21:31:45.676675  New date on sale: 2026-08-20: The Odyssey IMAX 70MM added for 2026-08-20: 10:45pm, 11:30am, 3:15pm, 7:00pm, 7:45am
2026-07-28T21:58:07.089155  Seats open 2026-08-20 11:30am: The Odyssey IMAX 70MM: E23-E24, E1-E3, F25-F26, F1-F2, G25-G26, G2, H1
2026-07-28T21:58:18.961683  Seats open 2026-08-20 3:15pm: The Odyssey IMAX 70MM: E26
2026-07-28T22:47:08.097716  Seats open 2026-08-03 3:15pm: The Odyssey IMAX 70MM: H4
2026-07-28T23:51:05.444505  Seats open 2026-08-07 11:30am: The Odyssey IMAX 70MM: E6-E7
2026-07-29T03:59:43.149534  Seats open 2026-08-12 10:45pm: The Odyssey IMAX 70MM: H1
2026-07-29T14:31:11.896694  Seats open 2026-07-29 11:30am: The Odyssey IMAX 70MM: E2, K8-K9
2026-07-29T16:10:56.711170  Seats open 2026-07-29 11:30am: The Odyssey IMAX 70MM: G4, K21
2026-07-29T17:40:15.595990  New date on sale: 2026-08-23: The Odyssey IMAX 70MM added for 2026-08-23: 3:30pm
2026-07-29T21:22:07.739541  Seats open 2026-07-29 3:15pm: The Odyssey IMAX 70MM: H20
2026-07-29T21:23:18.179094  Seats open 2026-07-30 10:45pm: The Odyssey IMAX 70MM: H26
2026-07-30T07:29:14.259982  Seats open 2026-08-08 7:00pm: The Odyssey IMAX 70MM: F1
2026-07-30T07:40:49.224956  Seats open 2026-08-20 7:00pm: The Odyssey IMAX 70MM: K24-K26
2026-07-30T10:06:12.174950  New date on sale: 2026-08-30: The Odyssey IMAX 70MM added for 2026-08-30: 7:15pm
2026-07-30T10:06:24.412919  New date on sale: 2026-08-31: The Odyssey IMAX 70MM added for 2026-08-31: 7:15pm
2026-07-30T12:03:45.453744  Seats open 2026-07-30 11:30am: The Odyssey IMAX 70MM: F11-F16
2026-07-30T14:36:46.696044  Seats open 2026-08-06 11:30am: The Odyssey IMAX 70MM: K3-K4
2026-07-30T14:42:33.859613  Seats open 2026-08-14 3:15pm: The Odyssey IMAX 70MM: E26
2026-07-30T14:42:59.554555  Seats open 2026-08-14 10:45pm: The Odyssey IMAX 70MM: E11-E12
2026-07-30T14:43:45.267922  Seats open 2026-08-15 10:45pm: The Odyssey IMAX 70MM: E18
2026-07-30T14:44:36.850871  Seats open 2026-08-17 11:30am: The Odyssey IMAX 70MM: F21-F22
2026-07-30T14:45:01.114916  Seats open 2026-08-17 7:00pm: The Odyssey IMAX 70MM: F26, H26, J26
2026-07-30T14:46:53.136719  Seats open 2026-08-20 11:30am: The Odyssey IMAX 70MM: E6
2026-07-30T14:47:16.989668  Seats open 2026-08-20 7:00pm: The Odyssey IMAX 70MM: E23-E26, E3, G26, H1, J1
2026-07-30T14:47:27.837229  Seats open 2026-08-20 10:45pm: The Odyssey IMAX 70MM: E24, F2, K3
2026-07-30T14:48:02.456025  Seats open 2026-08-31 7:15pm: The Odyssey IMAX 70MM: G24-G26, H23-H26, H6-H7, J23-J24
2026-07-31T00:31:32.201405  Seats open 2026-08-20 10:45pm: The Odyssey IMAX 70MM: G26, H1
2026-07-31T04:06:06.876383  Seats open 2026-07-30 3:15pm: The Odyssey IMAX 70MM: H9, J19
2026-07-31T04:06:17.328996  Seats open 2026-07-30 7:00pm: The Odyssey IMAX 70MM: F5-F9, J26
2026-07-31T04:06:30.614987  Seats open 2026-07-30 10:45pm: The Odyssey IMAX 70MM: H24
2026-08-02T14:19:57.902319  Seats open 2026-08-06 3:15pm: The Odyssey IMAX 70MM: K3-K4
2026-08-02T15:45:22.780808  Seats open 2026-08-02 11:30am: The Odyssey IMAX 70MM: H5
2026-08-02T15:50:21.700026  Seats open 2026-08-09 11:30am: The Odyssey IMAX 70MM: E3
2026-08-02T17:15:24.683110  Seats open 2026-08-02 11:30am: The Odyssey IMAX 70MM: K1
2026-08-02T17:22:37.646524  Seats open 2026-08-12 11:30am: The Odyssey IMAX 70MM: J12-J13
2026-08-07T00:57:30.355073  Test alert: The Discord webhook channel works. A real alert reads 'Seats open 2026-08-08 7:00pm, F11-F12'.
2026-08-09T23:48:00.877094  New date on sale: 2026-08-16: The Odyssey IMAX 70MM added for 2026-08-16: 2:30am
2026-08-09T23:48:19.243758  New date on sale: 2026-08-17: The Odyssey IMAX 70MM added for 2026-08-17: 2:30am
2026-08-09T23:48:37.000073  New date on sale: 2026-08-18: The Odyssey IMAX 70MM added for 2026-08-18: 2:30am
2026-08-09T23:48:55.611624  New date on sale: 2026-08-19: The Odyssey IMAX 70MM added for 2026-08-19: 2:30am
2026-08-09T23:49:15.350539  New date on sale: 2026-08-20: The Odyssey IMAX 70MM added for 2026-08-20: 2:30am
2026-08-09T23:49:35.678978  New date on sale: 2026-08-21: The Odyssey IMAX 70MM added for 2026-08-21: 11:00pm, 11:45am, 2:45am, 3:30pm, 7:15pm, 8:00am
2026-08-09T23:49:53.409958  New date on sale: 2026-08-22: The Odyssey IMAX 70MM added for 2026-08-22: 11:00pm, 11:45am, 2:45am, 3:30pm, 7:15pm, 8:00am
2026-08-09T23:50:09.809568  New date on sale: 2026-08-23: The Odyssey IMAX 70MM added for 2026-08-23: 11:00pm, 11:45am, 2:45am, 7:15pm, 8:00am
2026-08-09T23:50:27.934491  New date on sale: 2026-08-24: The Odyssey IMAX 70MM added for 2026-08-24: 11:00pm, 11:45am, 3:30pm, 7:15pm, 8:00am
2026-08-09T23:50:45.521972  New date on sale: 2026-08-25: The Odyssey IMAX 70MM added for 2026-08-25: 11:00pm, 11:45am, 3:30pm, 7:15pm, 8:00am
2026-08-09T23:51:04.766893  New date on sale: 2026-08-26: The Odyssey IMAX 70MM added for 2026-08-26: 10:10pm, 10:30am, 2:15pm
2026-08-09T23:51:25.569087  New date on sale: 2026-08-27: The Odyssey IMAX 70MM added for 2026-08-27: 11:00pm, 11:45am, 3:30pm, 7:15pm, 8:00am
2026-08-09T23:51:45.321659  New date on sale: 2026-08-28: The Odyssey IMAX 70MM added for 2026-08-28: 11:00pm, 11:45am, 2:45am, 3:30pm, 7:15pm, 8:00am
2026-08-09T23:52:05.777141  New date on sale: 2026-08-29: The Odyssey IMAX 70MM added for 2026-08-29: 11:00pm, 11:45am, 2:45am, 3:30pm, 7:15pm, 8:00am
2026-08-09T23:52:22.102340  New date on sale: 2026-08-30: The Odyssey IMAX 70MM added for 2026-08-30: 11:00pm, 11:45am, 2:45am, 3:30pm, 8:00am
2026-08-09T23:52:41.710614  New date on sale: 2026-08-31: The Odyssey IMAX 70MM added for 2026-08-31: 11:00pm, 11:45am, 3:30pm, 8:00am
2026-08-09T23:53:00.588153  New date on sale: 2026-09-01: The Odyssey IMAX 70MM added for 2026-09-01: 11:00pm, 11:45am, 3:30pm, 7:15pm, 8:00am
2026-08-09T23:53:21.331438  New date on sale: 2026-09-02: The Odyssey IMAX 70MM added for 2026-09-02: 11:00pm, 11:45am, 3:30pm, 7:15pm, 8:00am
2026-08-09T23:53:41.017856  New date on sale: 2026-09-03: The Odyssey IMAX 70MM added for 2026-09-03: 11:00pm, 11:45am, 3:30pm, 7:15pm, 8:00am
2026-08-09T23:54:01.391165  New date on sale: 2026-09-04: The Odyssey IMAX 70MM added for 2026-09-04: 11:00pm, 11:45am, 2:45am, 3:30pm, 7:15pm, 8:00am
2026-08-09T23:54:20.808837  New date on sale: 2026-09-05: The Odyssey IMAX 70MM added for 2026-09-05: 11:00pm, 11:45am, 2:45am, 3:30pm, 7:15pm, 8:00am
2026-08-09T23:54:37.554993  New date on sale: 2026-09-06: The Odyssey IMAX 70MM added for 2026-09-06: 11:00pm, 11:45am, 2:45am, 3:30pm, 7:15pm, 8:00am
2026-08-09T23:54:57.707966  New date on sale: 2026-09-07: The Odyssey IMAX 70MM added for 2026-09-07: 11:00pm, 11:45am, 3:30pm, 7:15pm, 8:00am
2026-08-09T23:55:14.198334  New date on sale: 2026-09-08: The Odyssey IMAX 70MM added for 2026-09-08: 11:00pm, 11:45am, 3:30pm, 7:15pm, 8:00am
2026-08-09T23:55:31.003705  New date on sale: 2026-09-09: The Odyssey IMAX 70MM added for 2026-09-09: 11:00pm, 11:45am, 3:30pm, 7:15pm, 8:00am
2026-08-09T23:55:48.077994  New date on sale: 2026-09-10: The Odyssey IMAX 70MM added for 2026-09-10: 11:00pm, 11:45am, 3:30pm, 7:15pm, 8:00am
2026-08-09T23:56:05.798854  New date on sale: 2026-09-11: The Odyssey IMAX 70MM added for 2026-09-11: 11:00pm, 11:45am, 2:45am, 3:30pm, 7:15pm, 8:00am
2026-08-09T23:56:26.455169  New date on sale: 2026-09-12: The Odyssey IMAX 70MM added for 2026-09-12: 11:00pm, 11:45am, 2:45am, 3:30pm, 7:15pm, 8:00am
2026-08-09T23:56:43.626660  New date on sale: 2026-09-13: The Odyssey IMAX 70MM added for 2026-09-13: 11:00pm, 11:45am, 2:45am, 3:30pm, 7:15pm, 8:00am
2026-08-09T23:56:59.562920  New date on sale: 2026-09-14: The Odyssey IMAX 70MM added for 2026-09-14: 11:00pm, 11:45am, 3:30pm, 7:15pm, 8:00am
2026-08-09T23:57:19.692219  New date on sale: 2026-09-15: The Odyssey IMAX 70MM added for 2026-09-15: 11:00pm, 11:45am, 3:30pm, 7:15pm, 8:00am
2026-08-09T23:57:37.581746  New date on sale: 2026-09-16: The Odyssey IMAX 70MM added for 2026-09-16: 11:00pm, 11:45am, 3:30pm, 7:15pm, 8:00am
2026-08-10T06:02:06.563885  New date on sale: 2026-08-10: The Odyssey IMAX 70MM added for 2026-08-10: 11:30am, 3:15pm, 7:00pm
2026-08-10T11:22:02.969281  New date on sale: 2026-08-13: The Odyssey IMAX 70MM added for 2026-08-13: 3:15pm
2026-08-10T15:16:24.102258  New date on sale: 2026-08-10: The Odyssey IMAX 70MM added for 2026-08-10: 2:30am
2026-08-10T15:16:41.788354  New date on sale: 2026-08-11: The Odyssey IMAX 70MM added for 2026-08-11: 11:30am, 7:45am
2026-08-10T15:17:00.473029  New date on sale: 2026-08-12: The Odyssey IMAX 70MM added for 2026-08-12: 11:30am
2026-08-10T15:17:40.799696  New date on sale: 2026-08-14: The Odyssey IMAX 70MM added for 2026-08-14: 2:30am, 7:45am
2026-08-10T18:33:02.362598  New date on sale: 2026-08-10: The Odyssey IMAX 70MM added for 2026-08-10: 10:45pm
2026-08-10T18:33:22.672150  New date on sale: 2026-08-11: The Odyssey IMAX 70MM added for 2026-08-11: 10:45pm, 2:30am
2026-08-10T18:34:38.579889  New date on sale: 2026-08-15: The Odyssey IMAX 70MM added for 2026-08-15: 2:30am
2026-08-10T18:35:16.666460  New date on sale: 2026-08-17: The Odyssey IMAX 70MM added for 2026-08-17: 11:30am
2026-08-10T21:25:52.876400  New date on sale: 2026-08-10: The Odyssey IMAX 70MM added for 2026-08-10: 7:00pm
2026-08-10T21:26:29.745884  New date on sale: 2026-08-12: The Odyssey IMAX 70MM added for 2026-08-12: 7:45am
2026-08-10T21:27:05.638171  New date on sale: 2026-08-14: The Odyssey IMAX 70MM added for 2026-08-14: 7:45am
2026-08-10T21:27:42.737772  New date on sale: 2026-08-16: The Odyssey IMAX 70MM added for 2026-08-16: 7:45am
2026-08-10T21:28:00.365179  New date on sale: 2026-08-17: The Odyssey IMAX 70MM added for 2026-08-17: 3:15pm
2026-08-10T21:28:39.256473  New date on sale: 2026-08-19: The Odyssey IMAX 70MM added for 2026-08-19: 3:15pm
2026-08-11T00:06:53.221728  New date on sale: 2026-08-11: The Odyssey IMAX 70MM added for 2026-08-11: 7:45am
2026-08-11T00:07:34.136396  New date on sale: 2026-08-13: The Odyssey IMAX 70MM added for 2026-08-13: 3:15pm
2026-08-11T00:09:18.989877  New date on sale: 2026-08-19: The Odyssey IMAX 70MM added for 2026-08-19: 11:30am
2026-08-11T05:22:14.547244  New date on sale: 2026-08-11: The Odyssey IMAX 70MM added for 2026-08-11: 2:30am
2026-08-11T05:22:32.371797  New date on sale: 2026-08-12: The Odyssey IMAX 70MM added for 2026-08-12: 10:45pm, 11:30am
2026-08-11T16:10:41.180750  New date on sale: 2026-08-11: The Odyssey IMAX 70MM added for 2026-08-11: 11:30am, 7:00pm
2026-08-11T16:11:01.790386  New date on sale: 2026-08-12: The Odyssey IMAX 70MM added for 2026-08-12: 2:30am, 3:15pm
2026-08-11T16:11:21.688590  New date on sale: 2026-08-13: The Odyssey IMAX 70MM added for 2026-08-13: 10:45pm, 7:00pm
2026-08-11T16:11:39.135768  New date on sale: 2026-08-14: The Odyssey IMAX 70MM added for 2026-08-14: 11:30am
2026-08-11T19:18:24.975915  New date on sale: 2026-08-11: The Odyssey IMAX 70MM added for 2026-08-11: 3:15pm
2026-08-11T19:18:44.402109  New date on sale: 2026-08-12: The Odyssey IMAX 70MM added for 2026-08-12: 11:30am
2026-08-11T22:24:25.106429  New date on sale: 2026-08-11: The Odyssey IMAX 70MM added for 2026-08-11: 10:45pm, 7:00pm
2026-08-11T22:25:00.186320  New date on sale: 2026-08-13: The Odyssey IMAX 70MM added for 2026-08-13: 10:45pm
2026-08-11T22:25:23.113386  New date on sale: 2026-08-14: The Odyssey IMAX 70MM added for 2026-08-14: 7:45am
2026-08-11T22:26:45.898467  New date on sale: 2026-08-18: The Odyssey IMAX 70MM added for 2026-08-18: 11:30am
2026-08-11T22:28:05.254524  New date on sale: 2026-08-22: The Odyssey IMAX 70MM added for 2026-08-22: 11:45am
2026-08-12T03:12:47.953547  New date on sale: 2026-08-12: The Odyssey IMAX 70MM added for 2026-08-12: 3:15pm, 7:45am
2026-08-12T03:13:05.269638  New date on sale: 2026-08-13: The Odyssey IMAX 70MM added for 2026-08-13: 7:00pm, 7:45am
2026-08-12T03:14:02.838769  New date on sale: 2026-08-16: The Odyssey IMAX 70MM added for 2026-08-16: 11:30am
2026-08-12T03:14:20.260034  New date on sale: 2026-08-17: The Odyssey IMAX 70MM added for 2026-08-17: 11:30am
2026-08-12T08:05:11.135725  New date on sale: 2026-08-12: The Odyssey IMAX 70MM added for 2026-08-12: 11:30am, 2:30am
2026-08-12T08:05:28.334914  New date on sale: 2026-08-13: The Odyssey IMAX 70MM added for 2026-08-13: 2:30am
2026-08-12T08:05:45.055583  New date on sale: 2026-08-14: The Odyssey IMAX 70MM added for 2026-08-14: 2:30am
2026-08-12T08:06:58.153970  New date on sale: 2026-08-18: The Odyssey IMAX 70MM added for 2026-08-18: 3:15pm
2026-08-12T08:34:07.380921  Seats open 2026-08-30 7:15pm: The Odyssey IMAX 70MM: E1-E2, F1-F2
2026-08-12T15:14:10.237365  New date on sale: 2026-08-12: The Odyssey IMAX 70MM added for 2026-08-12: 10:45pm, 3:15pm, 7:00pm
2026-08-12T15:14:29.146116  New date on sale: 2026-08-13: The Odyssey IMAX 70MM added for 2026-08-13: 11:30am
2026-08-12T15:15:28.014051  New date on sale: 2026-08-16: The Odyssey IMAX 70MM added for 2026-08-16: 11:30am
2026-08-12T15:16:27.093720  New date on sale: 2026-08-19: The Odyssey IMAX 70MM added for 2026-08-19: 11:30am
2026-08-12T15:46:57.670828  Seats open 2026-09-06 7:15pm: The Odyssey IMAX 70MM: E18-E20
2026-08-12T18:08:56.229787  New date on sale: 2026-08-13: The Odyssey IMAX 70MM added for 2026-08-13: 7:00pm
2026-08-12T18:09:16.332369  New date on sale: 2026-08-14: The Odyssey IMAX 70MM added for 2026-08-14: 3:15pm
2026-08-12T18:10:31.893545  New date on sale: 2026-08-18: The Odyssey IMAX 70MM added for 2026-08-18: 11:30am, 7:00pm
2026-08-12T21:27:34.825999  New date on sale: 2026-08-12: The Odyssey IMAX 70MM added for 2026-08-12: 10:45pm
2026-08-12T21:29:33.025497  New date on sale: 2026-08-18: The Odyssey IMAX 70MM added for 2026-08-18: 3:15pm
2026-08-13T00:45:36.449708  New date on sale: 2026-08-14: The Odyssey IMAX 70MM added for 2026-08-14: 7:45am
2026-08-13T00:46:10.905881  New date on sale: 2026-08-16: The Odyssey IMAX 70MM added for 2026-08-16: 11:30am
2026-08-13T07:03:30.984055  New date on sale: 2026-08-13: The Odyssey IMAX 70MM added for 2026-08-13: 11:30am, 3:15pm
2026-08-13T15:14:24.034501  New date on sale: 2026-08-13: The Odyssey IMAX 70MM added for 2026-08-13: 7:00pm
2026-08-13T15:14:43.297081  New date on sale: 2026-08-14: The Odyssey IMAX 70MM added for 2026-08-14: 3:15pm
2026-08-13T15:15:02.701754  New date on sale: 2026-08-15: The Odyssey IMAX 70MM added for 2026-08-15: 7:45am
2026-08-13T15:15:41.944323  New date on sale: 2026-08-17: The Odyssey IMAX 70MM added for 2026-08-17: 11:30am
2026-08-13T18:09:19.532847  New date on sale: 2026-08-15: The Odyssey IMAX 70MM added for 2026-08-15: 2:30am
2026-08-13T18:09:38.082287  New date on sale: 2026-08-16: The Odyssey IMAX 70MM added for 2026-08-16: 10:45pm
2026-08-13T18:10:17.233205  New date on sale: 2026-08-18: The Odyssey IMAX 70MM added for 2026-08-18: 3:15pm
2026-08-13T18:10:54.269260  New date on sale: 2026-08-20: The Odyssey IMAX 70MM added for 2026-08-20: 10:45pm
2026-08-13T18:11:12.690765  New date on sale: 2026-08-21: The Odyssey IMAX 70MM added for 2026-08-21: 11:00pm
2026-08-13T21:28:30.224536  New date on sale: 2026-08-13: The Odyssey IMAX 70MM added for 2026-08-13: 7:00pm
2026-08-13T21:29:05.102324  New date on sale: 2026-08-15: The Odyssey IMAX 70MM added for 2026-08-15: 7:45am
2026-08-13T21:30:20.110787  New date on sale: 2026-08-19: The Odyssey IMAX 70MM added for 2026-08-19: 7:00pm
2026-08-14T00:43:43.961498  New date on sale: 2026-08-13: The Odyssey IMAX 70MM added for 2026-08-13: 10:45pm
2026-08-14T00:44:02.607872  New date on sale: 2026-08-14: The Odyssey IMAX 70MM added for 2026-08-14: 11:30am, 7:00pm
2026-08-14T00:44:58.314042  New date on sale: 2026-08-17: The Odyssey IMAX 70MM added for 2026-08-17: 11:30am
2026-08-14T03:14:21.345093  Seats open 2026-08-14 7:00pm: The Odyssey IMAX 70MM: G4-G5
2026-08-14T05:24:15.787269  Seats open 2026-08-28 3:30pm: The Odyssey IMAX 70MM: H13-H14
2026-08-14T06:59:35.102077  New date on sale: 2026-08-14: The Odyssey IMAX 70MM added for 2026-08-14: 10:45pm, 3:15pm
2026-08-14T14:03:04.573781  New date on sale: 2026-08-15: The Odyssey IMAX 70MM added for 2026-08-15: 10:45pm
2026-08-14T14:04:19.236174  New date on sale: 2026-08-19: The Odyssey IMAX 70MM added for 2026-08-19: 3:15pm
2026-08-14T14:04:59.524592  New date on sale: 2026-08-21: The Odyssey IMAX 70MM added for 2026-08-21: 11:00pm
2026-08-14T16:16:22.033231  Seats open 2026-09-08 7:15pm: The Odyssey IMAX 70MM: E25-E26
2026-08-14T17:10:34.803504  New date on sale: 2026-08-14: The Odyssey IMAX 70MM added for 2026-08-14: 3:15pm
2026-08-14T17:10:56.162774  New date on sale: 2026-08-15: The Odyssey IMAX 70MM added for 2026-08-15: 7:45am
2026-08-14T17:11:33.215461  New date on sale: 2026-08-17: The Odyssey IMAX 70MM added for 2026-08-17: 10:45pm
2026-08-14T17:11:54.249573  New date on sale: 2026-08-18: The Odyssey IMAX 70MM added for 2026-08-18: 10:45pm
2026-08-14T19:57:25.494045  New date on sale: 2026-08-14: The Odyssey IMAX 70MM added for 2026-08-14: 10:45pm
2026-08-14T19:57:46.175760  New date on sale: 2026-08-15: The Odyssey IMAX 70MM added for 2026-08-15: 2:30am
2026-08-14T19:58:03.554013  New date on sale: 2026-08-16: The Odyssey IMAX 70MM added for 2026-08-16: 11:30am
2026-08-14T21:58:17.958290  New date on sale: 2026-08-14: The Odyssey IMAX 70MM added for 2026-08-14: 7:00pm
2026-08-14T21:58:59.342254  New date on sale: 2026-08-16: The Odyssey IMAX 70MM added for 2026-08-16: 2:30am
2026-08-14T21:59:21.139750  New date on sale: 2026-08-17: The Odyssey IMAX 70MM added for 2026-08-17: 11:30am
2026-08-14T22:00:58.531367  New date on sale: 2026-08-22: The Odyssey IMAX 70MM added for 2026-08-22: 11:45am, 3:30pm
2026-08-14T22:21:28.372969  Seats open 2026-08-14 7:00pm: The Odyssey IMAX 70MM: J11-J12
2026-08-15T01:49:12.028472  New date on sale: 2026-08-14: The Odyssey IMAX 70MM added for 2026-08-14: 2:30am
2026-08-15T01:50:05.519962  New date on sale: 2026-08-17: The Odyssey IMAX 70MM added for 2026-08-17: 3:15pm
2026-08-15T04:46:43.386717  New date on sale: 2026-08-15: The Odyssey IMAX 70MM added for 2026-08-15: 11:30am, 2:30am
2026-08-15T06:57:03.900315  New date on sale: 2026-08-16: The Odyssey IMAX 70MM added for 2026-08-16: 10:45pm
2026-08-15T08:49:19.029574  New date on sale: 2026-08-29: The Odyssey IMAX 70MM added for 2026-08-29: 7:15pm
2026-08-15T14:23:26.946373  New date on sale: 2026-08-15: The Odyssey IMAX 70MM added for 2026-08-15: 7:00pm
2026-08-15T15:00:39.253902  Seats open 2026-09-13 7:15pm: The Odyssey IMAX 70MM: F22-F23
2026-08-15T17:00:54.603769  Seats open 2026-08-20 3:15pm: The Odyssey IMAX 70MM: E19-E20
2026-08-15T17:34:57.608190  New date on sale: 2026-08-16: The Odyssey IMAX 70MM added for 2026-08-16: 2:30am
2026-08-15T19:55:11.835380  New date on sale: 2026-08-15: The Odyssey IMAX 70MM added for 2026-08-15: 3:15pm
2026-08-15T19:55:33.279006  New date on sale: 2026-08-16: The Odyssey IMAX 70MM added for 2026-08-16: 7:00pm
2026-08-15T19:56:48.859342  New date on sale: 2026-08-20: The Odyssey IMAX 70MM added for 2026-08-20: 7:00pm
2026-08-15T21:36:46.387660  New date on sale: 2026-08-15: The Odyssey IMAX 70MM added for 2026-08-15: 2:30am
2026-08-15T21:37:47.482271  New date on sale: 2026-08-18: The Odyssey IMAX 70MM added for 2026-08-18: 7:00pm
2026-08-15T21:38:29.148326  New date on sale: 2026-08-20: The Odyssey IMAX 70MM added for 2026-08-20: 10:45pm
2026-08-15T23:56:27.172712  New date on sale: 2026-08-15: The Odyssey IMAX 70MM added for 2026-08-15: 7:00pm
2026-08-15T23:56:46.134675  New date on sale: 2026-08-16: The Odyssey IMAX 70MM added for 2026-08-16: 11:30am
2026-08-15T23:57:06.891772  New date on sale: 2026-08-17: The Odyssey IMAX 70MM added for 2026-08-17: 11:30am
2026-08-15T23:57:43.430924  New date on sale: 2026-08-19: The Odyssey IMAX 70MM added for 2026-08-19: 3:15pm
2026-08-15T23:58:00.633388  New date on sale: 2026-08-20: The Odyssey IMAX 70MM added for 2026-08-20: 7:00pm
2026-08-16T04:01:03.533989  New date on sale: 2026-08-16: The Odyssey IMAX 70MM added for 2026-08-16: 7:45am
2026-08-16T04:01:40.823040  New date on sale: 2026-08-18: The Odyssey IMAX 70MM added for 2026-08-18: 11:30am
2026-08-16T06:02:29.817673  New date on sale: 2026-08-16: The Odyssey IMAX 70MM added for 2026-08-16: 10:45pm
2026-08-16T08:46:32.042865  New date on sale: 2026-08-16: The Odyssey IMAX 70MM added for 2026-08-16: 11:30am
2026-08-16T16:14:27.604214  New date on sale: 2026-08-17: The Odyssey IMAX 70MM added for 2026-08-17: 3:15pm
2026-08-16T19:54:21.300901  New date on sale: 2026-08-16: The Odyssey IMAX 70MM added for 2026-08-16: 7:00pm
2026-08-16T20:47:31.756822  Seats open 2026-09-08 3:30pm: The Odyssey IMAX 70MM: G2-G4
2026-08-17T04:04:00.403593  New date on sale: 2026-08-17: The Odyssey IMAX 70MM added for 2026-08-17: 10:45pm
2026-08-17T04:04:17.825839  New date on sale: 2026-08-18: The Odyssey IMAX 70MM added for 2026-08-18: 3:15pm
2026-08-17T04:04:35.731879  New date on sale: 2026-08-19: The Odyssey IMAX 70MM added for 2026-08-19: 7:00pm
2026-08-17T14:42:49.779675  New date on sale: 2026-08-17: The Odyssey IMAX 70MM added for 2026-08-17: 11:30am
2026-08-17T14:43:08.107367  New date on sale: 2026-08-18: The Odyssey IMAX 70MM added for 2026-08-18: 7:00pm
2026-08-17T17:43:55.506480  New date on sale: 2026-08-17: The Odyssey IMAX 70MM added for 2026-08-17: 7:00pm
2026-08-17T17:44:30.515957  New date on sale: 2026-08-19: The Odyssey IMAX 70MM added for 2026-08-19: 3:15pm
2026-08-17T17:44:51.572709  New date on sale: 2026-08-20: The Odyssey IMAX 70MM added for 2026-08-20: 7:00pm
2026-08-17T19:07:13.417016  Seats open 2026-08-23 7:15pm: The Odyssey IMAX 70MM: E22-E24
2026-08-17T20:01:36.110892  New date on sale: 2026-08-21: The Odyssey IMAX 70MM added for 2026-08-21: 3:30pm
2026-08-17T20:42:39.854129  Seats open 2026-08-17 3:15pm: The Odyssey IMAX 70MM: J12-J13, K19-K20
2026-08-17T22:25:10.773267  New date on sale: 2026-08-19: The Odyssey IMAX 70MM added for 2026-08-19: 10:45pm
2026-08-18T03:08:59.470241  New date on sale: 2026-08-20: The Odyssey IMAX 70MM added for 2026-08-20: 7:00pm
2026-08-18T03:09:37.445624  New date on sale: 2026-08-22: The Odyssey IMAX 70MM added for 2026-08-22: 8:00am
2026-08-18T03:11:43.277420  New date on sale: 2026-08-29: The Odyssey IMAX 70MM added for 2026-08-29: 7:15pm
2026-08-18T04:59:59.930008  Seats open 2026-08-18 3:15pm: The Odyssey IMAX 70MM: J22-J23, J15-J16
2026-08-18T05:00:20.552766  Seats open 2026-08-18 7:00pm: The Odyssey IMAX 70MM: J15-J16
2026-08-18T05:00:59.365543  Seats open 2026-08-19 7:00pm: The Odyssey IMAX 70MM: E18-E19, J23-J24
2026-08-18T05:45:52.789242  New date on sale: 2026-08-22: The Odyssey IMAX 70MM added for 2026-08-22: 11:45am, 7:15pm
2026-08-18T12:16:36.727350  New date on sale: 2026-08-18: The Odyssey IMAX 70MM added for 2026-08-18: 3:15pm
2026-08-18T14:53:09.503810  New date on sale: 2026-08-21: The Odyssey IMAX 70MM added for 2026-08-21: 7:15pm
2026-08-18T20:00:48.571565  New date on sale: 2026-08-19: The Odyssey IMAX 70MM added for 2026-08-19: 10:45pm, 11:30am, 3:15pm
2026-08-18T20:01:45.800080  New date on sale: 2026-08-22: The Odyssey IMAX 70MM added for 2026-08-22: 7:15pm
2026-08-18T22:40:14.251430  New date on sale: 2026-08-18: The Odyssey IMAX 70MM added for 2026-08-18: 7:00pm
2026-08-18T22:41:27.667148  New date on sale: 2026-08-22: The Odyssey IMAX 70MM added for 2026-08-22: 11:00pm, 11:45am
2026-08-20T01:50:20.414995  Seats open 2026-08-19 11:30am: The Odyssey IMAX 70MM: J17-J18
2026-08-20T01:50:40.500620  Seats open 2026-08-19 3:15pm: The Odyssey IMAX 70MM: K18-K19
2026-08-21T11:39:17.009672  Seats open 2026-08-21 11:45am: The Odyssey IMAX 70MM: H21-H22
2026-08-21T15:14:56.886167  Seats open 2026-08-23 11:45am: The Odyssey IMAX 70MM: K18-K19
2026-08-21T17:10:00.252165  Seats open 2026-09-13 3:30pm: The Odyssey IMAX 70MM: J21-J22
2026-08-22T12:03:56.254530  Seats open 2026-09-16 11:45am: The Odyssey IMAX 70MM: K22-K23
2026-08-23T01:59:07.331994  Seats open 2026-08-22 7:15pm: The Odyssey IMAX 70MM: J25-J26
2026-08-23T17:06:43.767436  Seats open 2026-08-27 3:30pm: The Odyssey IMAX 70MM: G12-G15
2026-08-23T19:38:04.401113  Seats open 2026-08-30 3:30pm: The Odyssey IMAX 70MM: E17-E21
2026-08-23T22:04:15.393853  Seats open 2026-08-24 3:30pm: The Odyssey IMAX 70MM: G14-G15
